// Jest Snapshot v1, https://goo.gl/fbAQLP

exports[`testing the fetchData.. matches the snapshot 1`] = `<fetchData />`;
